Parsing boot image: [stock.img]
HEADER_VER      [1]
KERNEL_SZ       [17318055]
RAMDISK_SZ      [1802475]
SECOND_SZ       [0]
RECOV_DTBO_SZ   [0]
OS_VERSION      [16.0.0]
OS_PATCH_LEVEL  [2026-08]
PAGESIZE        [4096]
NAME            []
CMDLINE         [androidboot.configfs=true androidboot.hardware=qcom androidboot.usbcontroller=a800000.dwc3 androidboot.rom_maintainer=spidy ehci-hcd.park=3 loop.max_part=7 lpm_levels.sleep_disabled=1 msm_rtb.filter=0x37 printk.devkmsg=on service_locator.enable=1 usbcore.autosuspend=7 androidboot.boot_devices=soc/c0c4000.sdhci androidboot.super_partition=system overclock.cpu=1 overclock.gpu=1 zram.resize=2]
CHECKSUM        [fce3920e0584edde14ee6919baf516a430575d92000000000000000000000000]
KERNEL_DTB_SZ   [407452]
KERNEL_FMT      [gzip]
RAMDISK_FMT     [lz4_legacy]
Repack to boot image: [new-boot.img]
HEADER_VER      [1]
KERNEL_SZ       [17795404]
RAMDISK_SZ      [1802475]
SECOND_SZ       [0]
RECOV_DTBO_SZ   [0]
OS_VERSION      [16.0.0]
OS_PATCH_LEVEL  [2026-08]
PAGESIZE        [4096]
NAME            []
CMDLINE         [androidboot.configfs=true androidboot.hardware=qcom androidboot.usbcontroller=a800000.dwc3 androidboot.rom_maintainer=spidy ehci-hcd.park=3 loop.max_part=7 lpm_levels.sleep_disabled=1 msm_rtb.filter=0x37 printk.devkmsg=on service_locator.enable=1 usbcore.autosuspend=7 androidboot.boot_devices=soc/c0c4000.sdhci androidboot.super_partition=system overclock.cpu=1 overclock.gpu=1 zram.resize=2]
CHECKSUM        [289e8ffa02a37f1fa8a820bd9d65ca3c261a0334000000000000000000000000]
